#Alex guitar
https://youtu.be/R3UuBCggiOY?si=f8EbY5aFWY0O3G_A 
https://youtu.be/B9HPtm0ZfOo?si=tLGDz-y2IoSddDVI
# canada window
https://www.youtube.com/watch?v=d0XWsqUX1uQ 
# sapporo jazz
https://youtu.be/SRuIY11vVYE?si=vsYm_T47tBvrXNIz







# 🍀2026靜心必聽｜60分鐘宮崎駿輕音樂🎹心事清空・煩惱暫停｜午休/咖啡/日常循環播放🌿Relaxing Music
https://www.youtube.com/watch?v=leb9rGzwakE

# 心をひたす雨音 – A Touch of Warmth on a Rainy Morning | Peaceful Piano for Focus & Calm
https://www.youtube.com/watch?v=OB1Bc6d_i0c

# [Playlist] balcony9 | 두 계절 사이의 고요한 시간  – Quiet Vocal Jazz #balcony9 #jazzplaylist #quietvocaljazz
https://youtu.be/Jd1ZWjlWb-k?si=XcY908KRIA9oQ8t5

# Morning Balmy Jazz Ambience To Stress Relief | Warm Living Room Jazz Music For Work, Relax & Focus
https://www.youtube.com/watch?v=BgREDk74HwI

# Home Café Jazz ☕ Happy & Relax｜おうちカフェでくつろぐ、やさしいジャズ時間
https://www.youtube.com/watch?v=8XSbVwWfUsA

# Strings Of Andalusia / Spanish Guitar Music Fest #guitar
https://www.youtube.com/watch?v=M4JuGQs5fKM&t=1s

# Tears In Heaven
https://www.youtube.com/watch?v=PXUYTW3sRiE&list=RDMM&index=16

# Ponce: Estrellita (Arr. Abril & Barrueco for Guitar)
https://www.youtube.com/watch?v=Xo5G5u8k3d8&list=RDMM&index=24

# 手嶌葵｢明日への手紙（ドラマバージョン）｣
https://www.youtube.com/watch?v=ytQ3Hs3WjQ4&list=RDMM&index=29
